
Allocating common symbols
Common symbol       size              file

tmr_flag            0x1               test_timer.o (symbol from plugin)
TMR0_InterruptHandler
                    0x4               timer0.o (symbol from plugin)

Memory Configuration

Name             Origin             Length             Attributes
FLASH            0x0000000000010000 0x0000000000100000 xr
RAM              0x0000000000000000 0x0000000000000400 xrw
*default*        0x0000000000000000 0xffffffffffffffff

Linker script and memory map


.text           0x0000000000010000      0x250
                0x0000000000010000                . = ALIGN (0x4)
 *(.text)
 .text          0x0000000000010000      0x176 start.o
                0x000000000001009c                disable_irq
                0x00000000000100ae                enable_irq
 .text          0x0000000000010176       0x80 /tmp/ccmTyAoH.ltrans0.ltrans.o
                0x00000000000101dc                irq
 *(.text*)
 .text.startup  0x00000000000101f6       0x5a /tmp/ccmTyAoH.ltrans0.ltrans.o
                0x00000000000101f6                main
 *(.rodata)
 *(.rodata*)
 *(.srodata)
 *(.srodata*)
 *(.eh_frame)
 *(.eh_frame*)
                0x0000000000010250                . = ALIGN (0x4)
                0x0000000000010250                _etext = .
                0x0000000000010250                _sidata = _etext

.rela.dyn       0x0000000000010250        0x0
 .rela.text     0x0000000000010250        0x0 start.o

.data           0x0000000000000000        0x4 load address 0x0000000000010250
                0x0000000000000000                . = ALIGN (0x4)
                0x0000000000000000                _sdata = .
                0x0000000000000000                _ram_start = .
 *(.data)
 .data          0x0000000000000000        0x1 start.o
 .data          0x0000000000000001        0x0 /tmp/ccmTyAoH.ltrans0.ltrans.o
 *(.data*)
 *(.sdata)
 *(.sdata*)
 *(.init_array)
 *(.init_array*)
                0x0000000000000004                . = ALIGN (0x4)
 *fill*         0x0000000000000001        0x3 
                0x0000000000000004                _edata = .

.bss            0x0000000000000004        0x8 load address 0x0000000000010254
                0x0000000000000004                . = ALIGN (0x4)
                0x0000000000000004                _sbss = .
 *(.bss)
 .bss           0x0000000000000004        0x0 start.o
 .bss           0x0000000000000004        0x0 /tmp/ccmTyAoH.ltrans0.ltrans.o
 *(.bss*)
 *(.sbss)
 .sbss          0x0000000000000004        0x8 /tmp/ccmTyAoH.ltrans0.ltrans.o
 *(.sbss*)
 *(COMMON)
                0x000000000000000c                . = ALIGN (0x4)
                0x000000000000000c                _ebss = .

.heap           0x000000000000000c        0x0
                0x000000000000000c                . = ALIGN (0x4)
                0x000000000000000c                _heap_start = .
LOAD start.o
LOAD /tmp/ccmTyAoH.ltrans0.ltrans.o
OUTPUT(test_timer.elf elf32-littleriscv)

.comment        0x0000000000000000       0x11
 .comment       0x0000000000000000       0x11 /tmp/ccmTyAoH.ltrans0.ltrans.o
                                         0x12 (size before relaxing)

Cross Reference Table

Symbol                                            File
TMR0_DefaultInterruptHandler                      timer0.o (symbol from plugin)
TMR0_ISR                                          timer0.o (symbol from plugin)
                                                  interrupt_manager.o (symbol from plugin)
TMR0_Initialize                                   timer0.o (symbol from plugin)
                                                  test_timer.o (symbol from plugin)
TMR0_InterruptHandler                             timer0.o (symbol from plugin)
TMR0_SetInterruptHandler                          timer0.o (symbol from plugin)
                                                  test_timer.o (symbol from plugin)
TMR0_StartTimer                                   timer0.o (symbol from plugin)
                                                  test_timer.o (symbol from plugin)
TMR0_StopTimer                                    timer0.o (symbol from plugin)
TMR0_WriteTimer                                   timer0.o (symbol from plugin)
                                                  test_timer.o (symbol from plugin)
TMR0_clear_int_flag                               timer0.o (symbol from plugin)
TMR0_is_done                                      timer0.o (symbol from plugin)
_ebss                                             start.o
_edata                                            start.o
_sbss                                             start.o
_sdata                                            start.o
_sidata                                           start.o
disable_interrupts                                vargen.o (symbol from plugin)
disable_irq                                       start.o
enable_interrupts                                 vargen.o (symbol from plugin)
enable_irq                                        start.o
irq                                               /tmp/ccmTyAoH.ltrans0.ltrans.o
                                                  interrupt_manager.o (symbol from plugin)
                                                  start.o
main                                              /tmp/ccmTyAoH.ltrans0.ltrans.o
                                                  test_timer.o (symbol from plugin)
                                                  start.o
myTMR0_handler                                    test_timer.o (symbol from plugin)
reg_intcon_bits                                   vargen.o (symbol from plugin)
                                                  interrupt_manager.o (symbol from plugin)
                                                  test_timer.o (symbol from plugin)
reg_intflags_bits                                 vargen.o (symbol from plugin)
                                                  interrupt_manager.o (symbol from plugin)
reg_porta_bits                                    vargen.o (symbol from plugin)
reg_portb_bits                                    vargen.o (symbol from plugin)
reg_spi_master_conf_bits                          vargen.o (symbol from plugin)
reg_timer0_conf_bits                              vargen.o (symbol from plugin)
                                                  timer0.o (symbol from plugin)
tmr_flag                                          test_timer.o (symbol from plugin)
